c:\users\administrator\desktop\abaliendiagramchaser\diagramdetective\diagramdetective\diagramdetective\x64\release\main.obj
c:\users\administrator\desktop\abaliendiagramchaser\diagramdetective\diagramdetective\diagramdetective\x64\release\diagramdetective.obj
c:\users\administrator\desktop\abaliendiagramchaser\diagramdetective\diagramdetective\diagramdetective\x64\release\moc_object.obj
c:\users\administrator\desktop\abaliendiagramchaser\diagramdetective\diagramdetective\diagramdetective\x64\release\moc_settingsdialog.obj
c:\users\administrator\desktop\abaliendiagramchaser\diagramdetective\diagramdetective\diagramdetective\x64\release\moc_modr.obj
c:\users\administrator\desktop\abaliendiagramchaser\diagramdetective\diagramdetective\diagramdetective\x64\release\moc_sketchwithincategory.obj
c:\users\administrator\desktop\abaliendiagramchaser\diagramdetective\diagramdetective\diagramdetective\x64\release\moc_arrow.obj
c:\users\administrator\desktop\abaliendiagramchaser\diagramdetective\diagramdetective\diagramdetective\x64\release\moc_constructions.obj
c:\users\administrator\desktop\abaliendiagramchaser\diagramdetective\diagramdetective\diagramdetective\x64\release\moc_rmod.obj
c:\users\administrator\desktop\abaliendiagramchaser\diagramdetective\diagramdetective\diagramdetective\x64\release\moc_category.obj
c:\users\administrator\desktop\abaliendiagramchaser\diagramdetective\diagramdetective\diagramdetective\x64\release\moc_arrowprop.obj
c:\users\administrator\desktop\abaliendiagramchaser\diagramdetective\diagramdetective\diagramdetective\x64\release\moc_appsettings.obj
c:\users\administrator\desktop\abaliendiagramchaser\diagramdetective\diagramdetective\diagramdetective\x64\release\moc_bigcat.obj
c:\users\administrator\desktop\abaliendiagramchaser\diagramdetective\diagramdetective\diagramdetective\x64\release\moc_vect.obj
c:\users\administrator\desktop\abaliendiagramchaser\diagramdetective\diagramdetective\diagramdetective\x64\release\moc_nodehandles.obj
c:\users\administrator\desktop\abaliendiagramchaser\diagramdetective\diagramdetective\diagramdetective\x64\release\moc_prop.obj
c:\users\administrator\desktop\abaliendiagramchaser\diagramdetective\diagramdetective\diagramdetective\x64\release\moc_set.obj
c:\users\administrator\desktop\abaliendiagramchaser\diagramdetective\diagramdetective\diagramdetective\x64\release\moc_categorydialog.obj
c:\users\administrator\desktop\abaliendiagramchaser\diagramdetective\diagramdetective\diagramdetective\x64\release\moc_node.obj
c:\users\administrator\desktop\abaliendiagramchaser\diagramdetective\diagramdetective\diagramdetective\x64\release\moc_categoryprop.obj
c:\users\administrator\desktop\abaliendiagramchaser\diagramdetective\diagramdetective\diagramdetective\x64\release\moc_ab.obj
c:\users\administrator\desktop\abaliendiagramchaser\diagramdetective\diagramdetective\diagramdetective\x64\release\moc_sketchview.obj
c:\users\administrator\desktop\abaliendiagramchaser\diagramdetective\diagramdetective\diagramdetective\x64\release\moc_arrowtutor.obj
c:\users\administrator\desktop\abaliendiagramchaser\diagramdetective\diagramdetective\diagramdetective\x64\release\moc_tutorsession.obj
c:\users\administrator\desktop\abaliendiagramchaser\diagramdetective\diagramdetective\diagramdetective\x64\release\moc_cat.obj
c:\users\administrator\desktop\abaliendiagramchaser\diagramdetective\diagramdetective\diagramdetective\x64\release\moc_top.obj
c:\users\administrator\desktop\abaliendiagramchaser\diagramdetective\diagramdetective\diagramdetective\x64\release\moc_scenehistory.obj
c:\users\administrator\desktop\abaliendiagramchaser\diagramdetective\diagramdetective\diagramdetective\x64\release\moc_mapselements.obj
c:\users\administrator\desktop\abaliendiagramchaser\diagramdetective\diagramdetective\diagramdetective\x64\release\moc_sketchprop.obj
c:\users\administrator\desktop\abaliendiagramchaser\diagramdetective\diagramdetective\diagramdetective\x64\release\moc_ring.obj
c:\users\administrator\desktop\abaliendiagramchaser\diagramdetective\diagramdetective\diagramdetective\x64\release\moc_functor.obj
c:\users\administrator\desktop\abaliendiagramchaser\diagramdetective\diagramdetective\diagramdetective\x64\release\moc_diagramdetective.obj
c:\users\administrator\desktop\abaliendiagramchaser\diagramdetective\diagramdetective\diagramdetective\x64\release\moc_categoryprops.obj
c:\users\administrator\desktop\abaliendiagramchaser\diagramdetective\diagramdetective\diagramdetective\x64\release\moc_grp.obj
c:\users\administrator\desktop\abaliendiagramchaser\diagramdetective\diagramdetective\diagramdetective\x64\release\moc_diagramscene.obj
c:\users\administrator\desktop\abaliendiagramchaser\diagramdetective\diagramdetective\diagramdetective\x64\release\moc_toggleswitch.obj
c:\users\administrator\desktop\abaliendiagramchaser\diagramdetective\diagramdetective\diagramdetective\x64\release\moc_setuptutor.obj
c:\users\administrator\desktop\abaliendiagramchaser\diagramdetective\diagramdetective\diagramdetective\x64\release\moc_propertiesdock.obj
c:\users\administrator\desktop\abaliendiagramchaser\diagramdetective\diagramdetective\diagramdetective\x64\release\moc_commutativeequationsdock.obj
c:\users\administrator\desktop\abaliendiagramchaser\diagramdetective\diagramdetective\diagramdetective\x64\release\moc_librarydock.obj
c:\users\administrator\desktop\abaliendiagramchaser\diagramdetective\diagramdetective\diagramdetective\x64\release\moc_prooftutor.obj
c:\users\administrator\desktop\abaliendiagramchaser\diagramdetective\diagramdetective\diagramdetective\x64\release\arrow.obj
c:\users\administrator\desktop\abaliendiagramchaser\diagramdetective\diagramdetective\diagramdetective\x64\release\emoji.obj
c:\users\administrator\desktop\abaliendiagramchaser\diagramdetective\diagramdetective\diagramdetective\x64\release\grp.obj
c:\users\administrator\desktop\abaliendiagramchaser\diagramdetective\diagramdetective\diagramdetective\x64\release\vect.obj
c:\users\administrator\desktop\abaliendiagramchaser\diagramdetective\diagramdetective\diagramdetective\x64\release\mapselements.obj
c:\users\administrator\desktop\abaliendiagramchaser\diagramdetective\diagramdetective\diagramdetective\x64\release\arrowtutor.obj
c:\users\administrator\desktop\abaliendiagramchaser\diagramdetective\diagramdetective\diagramdetective\x64\release\librarydock.obj
c:\users\administrator\desktop\abaliendiagramchaser\diagramdetective\diagramdetective\diagramdetective\x64\release\category.obj
c:\users\administrator\desktop\abaliendiagramchaser\diagramdetective\diagramdetective\diagramdetective\x64\release\object.obj
c:\users\administrator\desktop\abaliendiagramchaser\diagramdetective\diagramdetective\diagramdetective\x64\release\rmod.obj
c:\users\administrator\desktop\abaliendiagramchaser\diagramdetective\diagramdetective\diagramdetective\x64\release\scenehistory.obj
c:\users\administrator\desktop\abaliendiagramchaser\diagramdetective\diagramdetective\diagramdetective\x64\release\constructions.obj
c:\users\administrator\desktop\abaliendiagramchaser\diagramdetective\diagramdetective\diagramdetective\x64\release\settingsdialog.obj
c:\users\administrator\desktop\abaliendiagramchaser\diagramdetective\diagramdetective\diagramdetective\x64\release\sketchview.obj
c:\users\administrator\desktop\abaliendiagramchaser\diagramdetective\diagramdetective\diagramdetective\x64\release\nodehandles.obj
c:\users\administrator\desktop\abaliendiagramchaser\diagramdetective\diagramdetective\diagramdetective\x64\release\nodelabel.obj
c:\users\administrator\desktop\abaliendiagramchaser\diagramdetective\diagramdetective\diagramdetective\x64\release\builtincategories.obj
c:\users\administrator\desktop\abaliendiagramchaser\diagramdetective\diagramdetective\diagramdetective\x64\release\translation.obj
c:\users\administrator\desktop\abaliendiagramchaser\diagramdetective\diagramdetective\diagramdetective\x64\release\prop.obj
c:\users\administrator\desktop\abaliendiagramchaser\diagramdetective\diagramdetective\diagramdetective\x64\release\categorydialog.obj
c:\users\administrator\desktop\abaliendiagramchaser\diagramdetective\diagramdetective\diagramdetective\x64\release\englishdock.obj
c:\users\administrator\desktop\abaliendiagramchaser\diagramdetective\diagramdetective\diagramdetective\x64\release\diagramscene.obj
c:\users\administrator\desktop\abaliendiagramchaser\diagramdetective\diagramdetective\diagramdetective\x64\release\ab.obj
c:\users\administrator\desktop\abaliendiagramchaser\diagramdetective\diagramdetective\diagramdetective\x64\release\set.obj
c:\users\administrator\desktop\abaliendiagramchaser\diagramdetective\diagramdetective\diagramdetective\x64\release\categoryprop.obj
c:\users\administrator\desktop\abaliendiagramchaser\diagramdetective\diagramdetective\diagramdetective\x64\release\rule.obj
c:\users\administrator\desktop\abaliendiagramchaser\diagramdetective\diagramdetective\diagramdetective\x64\release\tutorsession.obj
c:\users\administrator\desktop\abaliendiagramchaser\diagramdetective\diagramdetective\diagramdetective\x64\release\functor.obj
c:\users\administrator\desktop\abaliendiagramchaser\diagramdetective\diagramdetective\diagramdetective\x64\release\sketchwithincategory.obj
c:\users\administrator\desktop\abaliendiagramchaser\diagramdetective\diagramdetective\diagramdetective\x64\release\modr.obj
c:\users\administrator\desktop\abaliendiagramchaser\diagramdetective\diagramdetective\diagramdetective\x64\release\scenefile.obj
c:\users\administrator\desktop\abaliendiagramchaser\diagramdetective\diagramdetective\diagramdetective\x64\release\standardrules.obj
c:\users\administrator\desktop\abaliendiagramchaser\diagramdetective\diagramdetective\diagramdetective\x64\release\commutativeequationsdock.obj
c:\users\administrator\desktop\abaliendiagramchaser\diagramdetective\diagramdetective\diagramdetective\x64\release\node.obj
c:\users\administrator\desktop\abaliendiagramchaser\diagramdetective\diagramdetective\diagramdetective\x64\release\notation.obj
c:\users\administrator\desktop\abaliendiagramchaser\diagramdetective\diagramdetective\diagramdetective\x64\release\cat.obj
c:\users\administrator\desktop\abaliendiagramchaser\diagramdetective\diagramdetective\diagramdetective\x64\release\mementos.obj
c:\users\administrator\desktop\abaliendiagramchaser\diagramdetective\diagramdetective\diagramdetective\x64\release\sketchprop.obj
c:\users\administrator\desktop\abaliendiagramchaser\diagramdetective\diagramdetective\diagramdetective\x64\release\prooftutor.obj
c:\users\administrator\desktop\abaliendiagramchaser\diagramdetective\diagramdetective\diagramdetective\x64\release\propertiesdock.obj
c:\users\administrator\desktop\abaliendiagramchaser\diagramdetective\diagramdetective\diagramdetective\x64\release\appsettings.obj
c:\users\administrator\desktop\abaliendiagramchaser\diagramdetective\diagramdetective\diagramdetective\x64\release\ring.obj
c:\users\administrator\desktop\abaliendiagramchaser\diagramdetective\diagramdetective\diagramdetective\x64\release\arrowprop.obj
c:\users\administrator\desktop\abaliendiagramchaser\diagramdetective\diagramdetective\diagramdetective\x64\release\library.obj
c:\users\administrator\desktop\abaliendiagramchaser\diagramdetective\diagramdetective\diagramdetective\x64\release\setuptutor.obj
c:\users\administrator\desktop\abaliendiagramchaser\diagramdetective\diagramdetective\diagramdetective\x64\release\toggleswitch.obj
c:\users\administrator\desktop\abaliendiagramchaser\diagramdetective\diagramdetective\diagramdetective\x64\release\bigcat.obj
c:\users\administrator\desktop\abaliendiagramchaser\diagramdetective\diagramdetective\diagramdetective\x64\release\top.obj
c:\users\administrator\desktop\abaliendiagramchaser\diagramdetective\diagramdetective\diagramdetective\x64\release\categoryprops.obj
c:\users\administrator\desktop\abaliendiagramchaser\diagramdetective\diagramdetective\diagramdetective\x64\release\rulebuilder.obj
c:\users\administrator\desktop\abaliendiagramchaser\diagramdetective\diagramdetective\diagramdetective\x64\release\tutor.obj
c:\users\administrator\desktop\abaliendiagramchaser\diagramdetective\diagramdetective\diagramdetective\x64\release\vc145.pdb
c:\users\administrator\desktop\abaliendiagramchaser\diagramdetective\diagramdetective\diagramdetective\x64\release\qrc_diagramdetective.obj
c:\users\administrator\desktop\abaliendiagramchaser\diagramdetective\diagramdetective\diagramdetective\x64\release\moc_englishdock.obj
c:\users\administrator\desktop\abaliendiagramchaser\diagramdetective\diagramdetective\diagramdetective\x64\release\qt\uic\ui_diagramdetective.h
c:\users\administrator\desktop\abaliendiagramchaser\diagramdetective\diagramdetective\diagramdetective\x64\release\qt\uic\ui_categorydialog.h
c:\users\administrator\desktop\abaliendiagramchaser\diagramdetective\diagramdetective\diagramdetective\x64\release\qt\rcc\qrc_diagramdetective.cpp
c:\users\administrator\desktop\abaliendiagramchaser\diagramdetective\diagramdetective\diagramdetective\x64\release\qt\moc\moc_diagramdetective.cpp
c:\users\administrator\desktop\abaliendiagramchaser\diagramdetective\diagramdetective\diagramdetective\x64\release\qt\moc\moc_node.cpp
c:\users\administrator\desktop\abaliendiagramchaser\diagramdetective\diagramdetective\diagramdetective\x64\release\qt\moc\moc_object.cpp
c:\users\administrator\desktop\abaliendiagramchaser\diagramdetective\diagramdetective\diagramdetective\x64\release\qt\moc\moc_arrow.cpp
c:\users\administrator\desktop\abaliendiagramchaser\diagramdetective\diagramdetective\diagramdetective\x64\release\qt\moc\moc_nodehandles.cpp
c:\users\administrator\desktop\abaliendiagramchaser\diagramdetective\diagramdetective\diagramdetective\x64\release\qt\moc\moc_scenehistory.cpp
c:\users\administrator\desktop\abaliendiagramchaser\diagramdetective\diagramdetective\diagramdetective\x64\release\qt\moc\moc_arrowtutor.cpp
c:\users\administrator\desktop\abaliendiagramchaser\diagramdetective\diagramdetective\diagramdetective\x64\release\qt\moc\moc_arrowprop.cpp
c:\users\administrator\desktop\abaliendiagramchaser\diagramdetective\diagramdetective\diagramdetective\x64\release\qt\moc\moc_mapselements.cpp
c:\users\administrator\desktop\abaliendiagramchaser\diagramdetective\diagramdetective\diagramdetective\x64\release\qt\moc\moc_appsettings.cpp
c:\users\administrator\desktop\abaliendiagramchaser\diagramdetective\diagramdetective\diagramdetective\x64\release\qt\moc\moc_settingsdialog.cpp
c:\users\administrator\desktop\abaliendiagramchaser\diagramdetective\diagramdetective\diagramdetective\x64\release\qt\moc\moc_tutorsession.cpp
c:\users\administrator\desktop\abaliendiagramchaser\diagramdetective\diagramdetective\diagramdetective\x64\release\qt\moc\moc_constructions.cpp
c:\users\administrator\desktop\abaliendiagramchaser\diagramdetective\diagramdetective\diagramdetective\x64\release\qt\moc\moc_prop.cpp
c:\users\administrator\desktop\abaliendiagramchaser\diagramdetective\diagramdetective\diagramdetective\x64\release\qt\moc\moc_categoryprop.cpp
c:\users\administrator\desktop\abaliendiagramchaser\diagramdetective\diagramdetective\diagramdetective\x64\release\qt\moc\moc_categoryprops.cpp
c:\users\administrator\desktop\abaliendiagramchaser\diagramdetective\diagramdetective\diagramdetective\x64\release\qt\moc\moc_sketchprop.cpp
c:\users\administrator\desktop\abaliendiagramchaser\diagramdetective\diagramdetective\diagramdetective\x64\release\qt\moc\moc_bigcat.cpp
c:\users\administrator\desktop\abaliendiagramchaser\diagramdetective\diagramdetective\diagramdetective\x64\release\qt\moc\moc_cat.cpp
c:\users\administrator\desktop\abaliendiagramchaser\diagramdetective\diagramdetective\diagramdetective\x64\release\qt\moc\moc_set.cpp
c:\users\administrator\desktop\abaliendiagramchaser\diagramdetective\diagramdetective\diagramdetective\x64\release\qt\moc\moc_ab.cpp
c:\users\administrator\desktop\abaliendiagramchaser\diagramdetective\diagramdetective\diagramdetective\x64\release\qt\moc\moc_rmod.cpp
c:\users\administrator\desktop\abaliendiagramchaser\diagramdetective\diagramdetective\diagramdetective\x64\release\qt\moc\moc_modr.cpp
c:\users\administrator\desktop\abaliendiagramchaser\diagramdetective\diagramdetective\diagramdetective\x64\release\qt\moc\moc_grp.cpp
c:\users\administrator\desktop\abaliendiagramchaser\diagramdetective\diagramdetective\diagramdetective\x64\release\qt\moc\moc_ring.cpp
c:\users\administrator\desktop\abaliendiagramchaser\diagramdetective\diagramdetective\diagramdetective\x64\release\qt\moc\moc_top.cpp
c:\users\administrator\desktop\abaliendiagramchaser\diagramdetective\diagramdetective\diagramdetective\x64\release\qt\moc\moc_vect.cpp
c:\users\administrator\desktop\abaliendiagramchaser\diagramdetective\diagramdetective\diagramdetective\x64\release\qt\moc\moc_categorydialog.cpp
c:\users\administrator\desktop\abaliendiagramchaser\diagramdetective\diagramdetective\diagramdetective\x64\release\qt\moc\moc_sketchview.cpp
c:\users\administrator\desktop\abaliendiagramchaser\diagramdetective\diagramdetective\diagramdetective\x64\release\qt\moc\moc_category.cpp
c:\users\administrator\desktop\abaliendiagramchaser\diagramdetective\diagramdetective\diagramdetective\x64\release\qt\moc\moc_sketchwithincategory.cpp
c:\users\administrator\desktop\abaliendiagramchaser\diagramdetective\diagramdetective\diagramdetective\x64\release\qt\moc\moc_diagramscene.cpp
c:\users\administrator\desktop\abaliendiagramchaser\diagramdetective\diagramdetective\diagramdetective\x64\release\qt\moc\moc_functor.cpp
c:\users\administrator\desktop\abaliendiagramchaser\diagramdetective\diagramdetective\diagramdetective\x64\release\qt\moc\moc_toggleswitch.cpp
c:\users\administrator\desktop\abaliendiagramchaser\diagramdetective\diagramdetective\diagramdetective\x64\release\qt\moc\moc_setuptutor.cpp
c:\users\administrator\desktop\abaliendiagramchaser\diagramdetective\diagramdetective\diagramdetective\x64\release\qt\moc\moc_settingsdock.cpp
c:\users\administrator\desktop\abaliendiagramchaser\diagramdetective\diagramdetective\diagramdetective\x64\release\qt\moc\moc_propertiesdock.cpp
c:\users\administrator\desktop\abaliendiagramchaser\diagramdetective\diagramdetective\diagramdetective\x64\release\qt\moc\moc_commutativeequationsdock.cpp
c:\users\administrator\desktop\abaliendiagramchaser\diagramdetective\diagramdetective\diagramdetective\x64\release\qt\moc\moc_librarydock.cpp
c:\users\administrator\desktop\abaliendiagramchaser\diagramdetective\diagramdetective\diagramdetective\x64\release\qt\moc\moc_prooftutor.cpp
c:\users\administrator\desktop\abaliendiagramchaser\diagramdetective\diagramdetective\diagramdetective\x64\release\qt\moc\moc_englishdock.cpp
c:\users\administrator\desktop\abaliendiagramchaser\diagramdetective\diagramdetective\x64\release\diagramdetective.exe
c:\users\administrator\desktop\abaliendiagramchaser\diagramdetective\diagramdetective\diagramdetective\x64\release\diagramdetective.res
c:\users\administrator\desktop\abaliendiagramchaser\diagramdetective\diagramdetective\diagramdetective\x64\release\diagramdetective.ipdb
c:\users\administrator\desktop\abaliendiagramchaser\diagramdetective\diagramdetective\diagramdetective\x64\release\diagramdetective.iobj
c:\users\administrator\desktop\abaliendiagramchaser\diagramdetective\diagramdetective\diagramdetective\x64\release\diagramdetective.tlog\cl.command.1.tlog
c:\users\administrator\desktop\abaliendiagramchaser\diagramdetective\diagramdetective\diagramdetective\x64\release\diagramdetective.tlog\cl.items.tlog
c:\users\administrator\desktop\abaliendiagramchaser\diagramdetective\diagramdetective\diagramdetective\x64\release\diagramdetective.tlog\cl.read.1.tlog
c:\users\administrator\desktop\abaliendiagramchaser\diagramdetective\diagramdetective\diagramdetective\x64\release\diagramdetective.tlog\cl.write.1.tlog
c:\users\administrator\desktop\abaliendiagramchaser\diagramdetective\diagramdetective\diagramdetective\x64\release\diagramdetective.tlog\diagramdetective.write.1u.tlog
c:\users\administrator\desktop\abaliendiagramchaser\diagramdetective\diagramdetective\diagramdetective\x64\release\diagramdetective.tlog\link.command.1.tlog
c:\users\administrator\desktop\abaliendiagramchaser\diagramdetective\diagramdetective\diagramdetective\x64\release\diagramdetective.tlog\link.read.1.tlog
c:\users\administrator\desktop\abaliendiagramchaser\diagramdetective\diagramdetective\diagramdetective\x64\release\diagramdetective.tlog\link.secondary.1.tlog
c:\users\administrator\desktop\abaliendiagramchaser\diagramdetective\diagramdetective\diagramdetective\x64\release\diagramdetective.tlog\link.write.1.tlog
c:\users\administrator\desktop\abaliendiagramchaser\diagramdetective\diagramdetective\diagramdetective\x64\release\diagramdetective.tlog\moc.read.1u.tlog
c:\users\administrator\desktop\abaliendiagramchaser\diagramdetective\diagramdetective\diagramdetective\x64\release\diagramdetective.tlog\moc.write.1u.tlog
c:\users\administrator\desktop\abaliendiagramchaser\diagramdetective\diagramdetective\diagramdetective\x64\release\diagramdetective.tlog\rc.command.1.tlog
c:\users\administrator\desktop\abaliendiagramchaser\diagramdetective\diagramdetective\diagramdetective\x64\release\diagramdetective.tlog\rc.read.1.tlog
c:\users\administrator\desktop\abaliendiagramchaser\diagramdetective\diagramdetective\diagramdetective\x64\release\diagramdetective.tlog\rc.write.1.tlog
c:\users\administrator\desktop\abaliendiagramchaser\diagramdetective\diagramdetective\diagramdetective\x64\release\diagramdetective.tlog\rcc.read.1u.tlog
c:\users\administrator\desktop\abaliendiagramchaser\diagramdetective\diagramdetective\diagramdetective\x64\release\diagramdetective.tlog\rcc.write.1u.tlog
c:\users\administrator\desktop\abaliendiagramchaser\diagramdetective\diagramdetective\diagramdetective\x64\release\diagramdetective.tlog\uic.read.1u.tlog
c:\users\administrator\desktop\abaliendiagramchaser\diagramdetective\diagramdetective\diagramdetective\x64\release\diagramdetective.tlog\uic.write.1u.tlog
