c:\users\administrator\desktop\abaliendiagramchaser\diagramdetective\x64\debug\nodehandles.obj
c:\users\administrator\desktop\abaliendiagramchaser\diagramdetective\x64\debug\grp.obj
c:\users\administrator\desktop\abaliendiagramchaser\diagramdetective\x64\debug\scenehistory.obj
c:\users\administrator\desktop\abaliendiagramchaser\diagramdetective\x64\debug\constructions.obj
c:\users\administrator\desktop\abaliendiagramchaser\diagramdetective\x64\debug\categorydialog.obj
c:\users\administrator\desktop\abaliendiagramchaser\diagramdetective\x64\debug\tutor.obj
c:\users\administrator\desktop\abaliendiagramchaser\diagramdetective\x64\debug\toggleswitch.obj
c:\users\administrator\desktop\abaliendiagramchaser\diagramdetective\x64\debug\main.obj
c:\users\administrator\desktop\abaliendiagramchaser\diagramdetective\x64\debug\ab.obj
c:\users\administrator\desktop\abaliendiagramchaser\diagramdetective\x64\debug\rmod.obj
c:\users\administrator\desktop\abaliendiagramchaser\diagramdetective\x64\debug\categoryprop.obj
c:\users\administrator\desktop\abaliendiagramchaser\diagramdetective\x64\debug\pattern.obj
c:\users\administrator\desktop\abaliendiagramchaser\diagramdetective\x64\debug\arrowtutor.obj
c:\users\administrator\desktop\abaliendiagramchaser\diagramdetective\x64\debug\applicablerulesdock.obj
c:\users\administrator\desktop\abaliendiagramchaser\diagramdetective\x64\debug\diagramdetective.obj
c:\users\administrator\desktop\abaliendiagramchaser\diagramdetective\x64\debug\cat.obj
c:\users\administrator\desktop\abaliendiagramchaser\diagramdetective\x64\debug\vect.obj
c:\users\administrator\desktop\abaliendiagramchaser\diagramdetective\x64\debug\mapselements.obj
c:\users\administrator\desktop\abaliendiagramchaser\diagramdetective\x64\debug\renamescenedialog.obj
c:\users\administrator\desktop\abaliendiagramchaser\diagramdetective\x64\debug\arrowhandle.obj
c:\users\administrator\desktop\abaliendiagramchaser\diagramdetective\x64\debug\emoji.obj
c:\users\administrator\desktop\abaliendiagramchaser\diagramdetective\x64\debug\builtincategories.obj
c:\users\administrator\desktop\abaliendiagramchaser\diagramdetective\x64\debug\translation.obj
c:\users\administrator\desktop\abaliendiagramchaser\diagramdetective\x64\debug\settingsdialog.obj
c:\users\administrator\desktop\abaliendiagramchaser\diagramdetective\x64\debug\commutativeequationsdock.obj
c:\users\administrator\desktop\abaliendiagramchaser\diagramdetective\x64\debug\notation.obj
c:\users\administrator\desktop\abaliendiagramchaser\diagramdetective\x64\debug\bigcat.obj
c:\users\administrator\desktop\abaliendiagramchaser\diagramdetective\x64\debug\top.obj
c:\users\administrator\desktop\abaliendiagramchaser\diagramdetective\x64\debug\categoryprops.obj
c:\users\administrator\desktop\abaliendiagramchaser\diagramdetective\x64\debug\rulebuilder.obj
c:\users\administrator\desktop\abaliendiagramchaser\diagramdetective\x64\debug\setuptutor.obj
c:\users\administrator\desktop\abaliendiagramchaser\diagramdetective\x64\debug\sketchview.obj
c:\users\administrator\desktop\abaliendiagramchaser\diagramdetective\x64\debug\nodelabel.obj
c:\users\administrator\desktop\abaliendiagramchaser\diagramdetective\x64\debug\ring.obj
c:\users\administrator\desktop\abaliendiagramchaser\diagramdetective\x64\debug\rule.obj
c:\users\administrator\desktop\abaliendiagramchaser\diagramdetective\x64\debug\prooftutor.obj
c:\users\administrator\desktop\abaliendiagramchaser\diagramdetective\x64\debug\librarydock.obj
c:\users\administrator\desktop\abaliendiagramchaser\diagramdetective\x64\debug\functor.obj
c:\users\administrator\desktop\abaliendiagramchaser\diagramdetective\x64\debug\object.obj
c:\users\administrator\desktop\abaliendiagramchaser\diagramdetective\x64\debug\set.obj
c:\users\administrator\desktop\abaliendiagramchaser\diagramdetective\x64\debug\arrowprop.obj
c:\users\administrator\desktop\abaliendiagramchaser\diagramdetective\x64\debug\sketchprop.obj
c:\users\administrator\desktop\abaliendiagramchaser\diagramdetective\x64\debug\standardrules.obj
c:\users\administrator\desktop\abaliendiagramchaser\diagramdetective\x64\debug\tutorsession.obj
c:\users\administrator\desktop\abaliendiagramchaser\diagramdetective\x64\debug\appsettings.obj
c:\users\administrator\desktop\abaliendiagramchaser\diagramdetective\x64\debug\modr.obj
c:\users\administrator\desktop\abaliendiagramchaser\diagramdetective\x64\debug\prop.obj
c:\users\administrator\desktop\abaliendiagramchaser\diagramdetective\x64\debug\rulesearch.obj
c:\users\administrator\desktop\abaliendiagramchaser\diagramdetective\x64\debug\englishdock.obj
c:\users\administrator\desktop\abaliendiagramchaser\diagramdetective\x64\debug\diagramscene.obj
c:\users\administrator\desktop\abaliendiagramchaser\diagramdetective\x64\debug\atomicelement.obj
c:\users\administrator\desktop\abaliendiagramchaser\diagramdetective\x64\debug\arrow.obj
c:\users\administrator\desktop\abaliendiagramchaser\diagramdetective\x64\debug\mementos.obj
c:\users\administrator\desktop\abaliendiagramchaser\diagramdetective\x64\debug\library.obj
c:\users\administrator\desktop\abaliendiagramchaser\diagramdetective\x64\debug\node.obj
c:\users\administrator\desktop\abaliendiagramchaser\diagramdetective\x64\debug\nodekind.obj
c:\users\administrator\desktop\abaliendiagramchaser\diagramdetective\x64\debug\propertiesdock.obj
c:\users\administrator\desktop\abaliendiagramchaser\diagramdetective\x64\debug\category.obj
c:\users\administrator\desktop\abaliendiagramchaser\diagramdetective\x64\debug\scenefile.obj
c:\users\administrator\desktop\abaliendiagramchaser\diagramdetective\x64\debug\vc145.pdb
c:\users\administrator\desktop\abaliendiagramchaser\diagramdetective\x64\debug\vc145.idb
c:\users\administrator\desktop\abaliendiagramchaser\diagramdetective\x64\debug\qrc_diagramdetective.obj
c:\users\administrator\desktop\abaliendiagramchaser\diagramdetective\x64\debug\moc_category.obj
c:\users\administrator\desktop\abaliendiagramchaser\diagramdetective\x64\debug\moc_ab.obj
c:\users\administrator\desktop\abaliendiagramchaser\diagramdetective\x64\debug\moc_vect.obj
c:\users\administrator\desktop\abaliendiagramchaser\diagramdetective\x64\debug\moc_categorydialog.obj
c:\users\administrator\desktop\abaliendiagramchaser\diagramdetective\x64\debug\moc_commutativeequationsdock.obj
c:\users\administrator\desktop\abaliendiagramchaser\diagramdetective\x64\debug\moc_diagramdetective.obj
c:\users\administrator\desktop\abaliendiagramchaser\diagramdetective\x64\debug\moc_cat.obj
c:\users\administrator\desktop\abaliendiagramchaser\diagramdetective\x64\debug\moc_arrowprop.obj
c:\users\administrator\desktop\abaliendiagramchaser\diagramdetective\x64\debug\moc_categoryprops.obj
c:\users\administrator\desktop\abaliendiagramchaser\diagramdetective\x64\debug\moc_settingsdialog.obj
c:\users\administrator\desktop\abaliendiagramchaser\diagramdetective\x64\debug\moc_propertiesdock.obj
c:\users\administrator\desktop\abaliendiagramchaser\diagramdetective\x64\debug\moc_arrow.obj
c:\users\administrator\desktop\abaliendiagramchaser\diagramdetective\x64\debug\moc_bigcat.obj
c:\users\administrator\desktop\abaliendiagramchaser\diagramdetective\x64\debug\moc_top.obj
c:\users\administrator\desktop\abaliendiagramchaser\diagramdetective\x64\debug\moc_rulesearch.obj
c:\users\administrator\desktop\abaliendiagramchaser\diagramdetective\x64\debug\moc_applicablerulesdock.obj
c:\users\administrator\desktop\abaliendiagramchaser\diagramdetective\x64\debug\moc_functor.obj
c:\users\administrator\desktop\abaliendiagramchaser\diagramdetective\x64\debug\moc_appsettings.obj
c:\users\administrator\desktop\abaliendiagramchaser\diagramdetective\x64\debug\moc_rmod.obj
c:\users\administrator\desktop\abaliendiagramchaser\diagramdetective\x64\debug\moc_categoryprop.obj
c:\users\administrator\desktop\abaliendiagramchaser\diagramdetective\x64\debug\moc_renamescenedialog.obj
c:\users\administrator\desktop\abaliendiagramchaser\diagramdetective\x64\debug\moc_librarydock.obj
c:\users\administrator\desktop\abaliendiagramchaser\diagramdetective\x64\debug\moc_diagramscene.obj
c:\users\administrator\desktop\abaliendiagramchaser\diagramdetective\x64\debug\moc_modr.obj
c:\users\administrator\desktop\abaliendiagramchaser\diagramdetective\x64\debug\moc_arrowprops.obj
c:\users\administrator\desktop\abaliendiagramchaser\diagramdetective\x64\debug\moc_sketchprop.obj
c:\users\administrator\desktop\abaliendiagramchaser\diagramdetective\x64\debug\moc_tutorsession.obj
c:\users\administrator\desktop\abaliendiagramchaser\diagramdetective\x64\debug\moc_node.obj
c:\users\administrator\desktop\abaliendiagramchaser\diagramdetective\x64\debug\moc_grp.obj
c:\users\administrator\desktop\abaliendiagramchaser\diagramdetective\x64\debug\moc_scenehistory.obj
c:\users\administrator\desktop\abaliendiagramchaser\diagramdetective\x64\debug\moc_constructions.obj
c:\users\administrator\desktop\abaliendiagramchaser\diagramdetective\x64\debug\moc_setuptutor.obj
c:\users\administrator\desktop\abaliendiagramchaser\diagramdetective\x64\debug\moc_englishdock.obj
c:\users\administrator\desktop\abaliendiagramchaser\diagramdetective\x64\debug\moc_arrowhandle.obj
c:\users\administrator\desktop\abaliendiagramchaser\diagramdetective\x64\debug\moc_nodehandles.obj
c:\users\administrator\desktop\abaliendiagramchaser\diagramdetective\x64\debug\moc_set.obj
c:\users\administrator\desktop\abaliendiagramchaser\diagramdetective\x64\debug\moc_mapselements.obj
c:\users\administrator\desktop\abaliendiagramchaser\diagramdetective\x64\debug\moc_arrowtutor.obj
c:\users\administrator\desktop\abaliendiagramchaser\diagramdetective\x64\debug\moc_sketchview.obj
c:\users\administrator\desktop\abaliendiagramchaser\diagramdetective\x64\debug\moc_atomicelement.obj
c:\users\administrator\desktop\abaliendiagramchaser\diagramdetective\x64\debug\moc_object.obj
c:\users\administrator\desktop\abaliendiagramchaser\diagramdetective\x64\debug\moc_ring.obj
c:\users\administrator\desktop\abaliendiagramchaser\diagramdetective\x64\debug\moc_prop.obj
c:\users\administrator\desktop\abaliendiagramchaser\diagramdetective\x64\debug\moc_prooftutor.obj
c:\users\administrator\desktop\abaliendiagramchaser\diagramdetective\x64\debug\moc_toggleswitch.obj
c:\users\administrator\desktop\abaliendiagramchaser\diagramdetective\diagramdetective\diagramdetective\x64\debug\qt\uic\ui_diagramdetective.h
c:\users\administrator\desktop\abaliendiagramchaser\diagramdetective\diagramdetective\diagramdetective\x64\debug\qt\uic\ui_categorydialog.h
c:\users\administrator\desktop\abaliendiagramchaser\diagramdetective\diagramdetective\diagramdetective\x64\debug\qt\rcc\qrc_diagramdetective.cpp
c:\users\administrator\desktop\abaliendiagramchaser\diagramdetective\diagramdetective\diagramdetective\x64\debug\qt\moc\moc_diagramdetective.cpp
c:\users\administrator\desktop\abaliendiagramchaser\diagramdetective\diagramdetective\diagramdetective\x64\debug\qt\moc\moc_arrow.cpp
c:\users\administrator\desktop\abaliendiagramchaser\diagramdetective\diagramdetective\diagramdetective\x64\debug\qt\moc\moc_category.cpp
c:\users\administrator\desktop\abaliendiagramchaser\diagramdetective\diagramdetective\diagramdetective\x64\debug\qt\moc\moc_diagramscene.cpp
c:\users\administrator\desktop\abaliendiagramchaser\diagramdetective\diagramdetective\diagramdetective\x64\debug\qt\moc\moc_functor.cpp
c:\users\administrator\desktop\abaliendiagramchaser\diagramdetective\diagramdetective\diagramdetective\x64\debug\qt\moc\moc_node.cpp
c:\users\administrator\desktop\abaliendiagramchaser\diagramdetective\diagramdetective\diagramdetective\x64\debug\qt\moc\moc_nodehandles.cpp
c:\users\administrator\desktop\abaliendiagramchaser\diagramdetective\diagramdetective\diagramdetective\x64\debug\qt\moc\moc_object.cpp
c:\users\administrator\desktop\abaliendiagramchaser\diagramdetective\diagramdetective\diagramdetective\x64\debug\qt\moc\moc_appsettings.cpp
c:\users\administrator\desktop\abaliendiagramchaser\diagramdetective\diagramdetective\diagramdetective\x64\debug\qt\moc\moc_ab.cpp
c:\users\administrator\desktop\abaliendiagramchaser\diagramdetective\diagramdetective\diagramdetective\x64\debug\qt\moc\moc_bigcat.cpp
c:\users\administrator\desktop\abaliendiagramchaser\diagramdetective\diagramdetective\diagramdetective\x64\debug\qt\moc\moc_cat.cpp
c:\users\administrator\desktop\abaliendiagramchaser\diagramdetective\diagramdetective\diagramdetective\x64\debug\qt\moc\moc_grp.cpp
c:\users\administrator\desktop\abaliendiagramchaser\diagramdetective\diagramdetective\diagramdetective\x64\debug\qt\moc\moc_modr.cpp
c:\users\administrator\desktop\abaliendiagramchaser\diagramdetective\diagramdetective\diagramdetective\x64\debug\qt\moc\moc_rmod.cpp
c:\users\administrator\desktop\abaliendiagramchaser\diagramdetective\diagramdetective\diagramdetective\x64\debug\qt\moc\moc_ring.cpp
c:\users\administrator\desktop\abaliendiagramchaser\diagramdetective\diagramdetective\diagramdetective\x64\debug\qt\moc\moc_set.cpp
c:\users\administrator\desktop\abaliendiagramchaser\diagramdetective\diagramdetective\diagramdetective\x64\debug\qt\moc\moc_top.cpp
c:\users\administrator\desktop\abaliendiagramchaser\diagramdetective\diagramdetective\diagramdetective\x64\debug\qt\moc\moc_vect.cpp
c:\users\administrator\desktop\abaliendiagramchaser\diagramdetective\diagramdetective\diagramdetective\x64\debug\qt\moc\moc_scenehistory.cpp
c:\users\administrator\desktop\abaliendiagramchaser\diagramdetective\diagramdetective\diagramdetective\x64\debug\qt\moc\moc_arrowprop.cpp
c:\users\administrator\desktop\abaliendiagramchaser\diagramdetective\diagramdetective\diagramdetective\x64\debug\qt\moc\moc_categoryprop.cpp
c:\users\administrator\desktop\abaliendiagramchaser\diagramdetective\diagramdetective\diagramdetective\x64\debug\qt\moc\moc_categoryprops.cpp
c:\users\administrator\desktop\abaliendiagramchaser\diagramdetective\diagramdetective\diagramdetective\x64\debug\qt\moc\moc_constructions.cpp
c:\users\administrator\desktop\abaliendiagramchaser\diagramdetective\diagramdetective\diagramdetective\x64\debug\qt\moc\moc_mapselements.cpp
c:\users\administrator\desktop\abaliendiagramchaser\diagramdetective\diagramdetective\diagramdetective\x64\debug\qt\moc\moc_prop.cpp
c:\users\administrator\desktop\abaliendiagramchaser\diagramdetective\diagramdetective\diagramdetective\x64\debug\qt\moc\moc_sketchprop.cpp
c:\users\administrator\desktop\abaliendiagramchaser\diagramdetective\diagramdetective\diagramdetective\x64\debug\qt\moc\moc_categorydialog.cpp
c:\users\administrator\desktop\abaliendiagramchaser\diagramdetective\diagramdetective\diagramdetective\x64\debug\qt\moc\moc_settingsdialog.cpp
c:\users\administrator\desktop\abaliendiagramchaser\diagramdetective\diagramdetective\diagramdetective\x64\debug\qt\moc\moc_arrowtutor.cpp
c:\users\administrator\desktop\abaliendiagramchaser\diagramdetective\diagramdetective\diagramdetective\x64\debug\qt\moc\moc_prooftutor.cpp
c:\users\administrator\desktop\abaliendiagramchaser\diagramdetective\diagramdetective\diagramdetective\x64\debug\qt\moc\moc_setuptutor.cpp
c:\users\administrator\desktop\abaliendiagramchaser\diagramdetective\diagramdetective\diagramdetective\x64\debug\qt\moc\moc_tutorsession.cpp
c:\users\administrator\desktop\abaliendiagramchaser\diagramdetective\diagramdetective\diagramdetective\x64\debug\qt\moc\moc_commutativeequationsdock.cpp
c:\users\administrator\desktop\abaliendiagramchaser\diagramdetective\diagramdetective\diagramdetective\x64\debug\qt\moc\moc_englishdock.cpp
c:\users\administrator\desktop\abaliendiagramchaser\diagramdetective\diagramdetective\diagramdetective\x64\debug\qt\moc\moc_librarydock.cpp
c:\users\administrator\desktop\abaliendiagramchaser\diagramdetective\diagramdetective\diagramdetective\x64\debug\qt\moc\moc_propertiesdock.cpp
c:\users\administrator\desktop\abaliendiagramchaser\diagramdetective\diagramdetective\diagramdetective\x64\debug\qt\moc\moc_sketchview.cpp
c:\users\administrator\desktop\abaliendiagramchaser\diagramdetective\diagramdetective\diagramdetective\x64\debug\qt\moc\moc_toggleswitch.cpp
c:\users\administrator\desktop\abaliendiagramchaser\diagramdetective\diagramdetective\diagramdetective\x64\debug\qt\moc\moc_rulesearch.cpp
c:\users\administrator\desktop\abaliendiagramchaser\diagramdetective\diagramdetective\diagramdetective\x64\debug\qt\moc\moc_applicablerulesdock.cpp
c:\users\administrator\desktop\abaliendiagramchaser\diagramdetective\diagramdetective\diagramdetective\x64\debug\qt\moc\moc_arrowhandle.cpp
c:\users\administrator\desktop\abaliendiagramchaser\diagramdetective\diagramdetective\diagramdetective\x64\debug\qt\moc\moc_renamescenedialog.cpp
c:\users\administrator\desktop\abaliendiagramchaser\diagramdetective\x64\debug\qt\uic\ui_diagramdetective.h
c:\users\administrator\desktop\abaliendiagramchaser\diagramdetective\x64\debug\qt\uic\ui_categorydialog.h
c:\users\administrator\desktop\abaliendiagramchaser\diagramdetective\x64\debug\qt\rcc\qrc_diagramdetective.cpp
c:\users\administrator\desktop\abaliendiagramchaser\diagramdetective\x64\debug\qt\moc\moc_diagramdetective.cpp
c:\users\administrator\desktop\abaliendiagramchaser\diagramdetective\x64\debug\qt\moc\moc_arrow.cpp
c:\users\administrator\desktop\abaliendiagramchaser\diagramdetective\x64\debug\qt\moc\moc_arrowhandle.cpp
c:\users\administrator\desktop\abaliendiagramchaser\diagramdetective\x64\debug\qt\moc\moc_category.cpp
c:\users\administrator\desktop\abaliendiagramchaser\diagramdetective\x64\debug\qt\moc\moc_diagramscene.cpp
c:\users\administrator\desktop\abaliendiagramchaser\diagramdetective\x64\debug\qt\moc\moc_functor.cpp
c:\users\administrator\desktop\abaliendiagramchaser\diagramdetective\x64\debug\qt\moc\moc_node.cpp
c:\users\administrator\desktop\abaliendiagramchaser\diagramdetective\x64\debug\qt\moc\moc_nodehandles.cpp
c:\users\administrator\desktop\abaliendiagramchaser\diagramdetective\x64\debug\qt\moc\moc_object.cpp
c:\users\administrator\desktop\abaliendiagramchaser\diagramdetective\x64\debug\qt\moc\moc_appsettings.cpp
c:\users\administrator\desktop\abaliendiagramchaser\diagramdetective\x64\debug\qt\moc\moc_ab.cpp
c:\users\administrator\desktop\abaliendiagramchaser\diagramdetective\x64\debug\qt\moc\moc_bigcat.cpp
c:\users\administrator\desktop\abaliendiagramchaser\diagramdetective\x64\debug\qt\moc\moc_cat.cpp
c:\users\administrator\desktop\abaliendiagramchaser\diagramdetective\x64\debug\qt\moc\moc_grp.cpp
c:\users\administrator\desktop\abaliendiagramchaser\diagramdetective\x64\debug\qt\moc\moc_modr.cpp
c:\users\administrator\desktop\abaliendiagramchaser\diagramdetective\x64\debug\qt\moc\moc_rmod.cpp
c:\users\administrator\desktop\abaliendiagramchaser\diagramdetective\x64\debug\qt\moc\moc_ring.cpp
c:\users\administrator\desktop\abaliendiagramchaser\diagramdetective\x64\debug\qt\moc\moc_set.cpp
c:\users\administrator\desktop\abaliendiagramchaser\diagramdetective\x64\debug\qt\moc\moc_top.cpp
c:\users\administrator\desktop\abaliendiagramchaser\diagramdetective\x64\debug\qt\moc\moc_vect.cpp
c:\users\administrator\desktop\abaliendiagramchaser\diagramdetective\x64\debug\qt\moc\moc_scenehistory.cpp
c:\users\administrator\desktop\abaliendiagramchaser\diagramdetective\x64\debug\qt\moc\moc_arrowprop.cpp
c:\users\administrator\desktop\abaliendiagramchaser\diagramdetective\x64\debug\qt\moc\moc_categoryprop.cpp
c:\users\administrator\desktop\abaliendiagramchaser\diagramdetective\x64\debug\qt\moc\moc_categoryprops.cpp
c:\users\administrator\desktop\abaliendiagramchaser\diagramdetective\x64\debug\qt\moc\moc_constructions.cpp
c:\users\administrator\desktop\abaliendiagramchaser\diagramdetective\x64\debug\qt\moc\moc_mapselements.cpp
c:\users\administrator\desktop\abaliendiagramchaser\diagramdetective\x64\debug\qt\moc\moc_prop.cpp
c:\users\administrator\desktop\abaliendiagramchaser\diagramdetective\x64\debug\qt\moc\moc_sketchprop.cpp
c:\users\administrator\desktop\abaliendiagramchaser\diagramdetective\x64\debug\qt\moc\moc_rulesearch.cpp
c:\users\administrator\desktop\abaliendiagramchaser\diagramdetective\x64\debug\qt\moc\moc_categorydialog.cpp
c:\users\administrator\desktop\abaliendiagramchaser\diagramdetective\x64\debug\qt\moc\moc_renamescenedialog.cpp
c:\users\administrator\desktop\abaliendiagramchaser\diagramdetective\x64\debug\qt\moc\moc_settingsdialog.cpp
c:\users\administrator\desktop\abaliendiagramchaser\diagramdetective\x64\debug\qt\moc\moc_arrowtutor.cpp
c:\users\administrator\desktop\abaliendiagramchaser\diagramdetective\x64\debug\qt\moc\moc_prooftutor.cpp
c:\users\administrator\desktop\abaliendiagramchaser\diagramdetective\x64\debug\qt\moc\moc_setuptutor.cpp
c:\users\administrator\desktop\abaliendiagramchaser\diagramdetective\x64\debug\qt\moc\moc_tutorsession.cpp
c:\users\administrator\desktop\abaliendiagramchaser\diagramdetective\x64\debug\qt\moc\moc_applicablerulesdock.cpp
c:\users\administrator\desktop\abaliendiagramchaser\diagramdetective\x64\debug\qt\moc\moc_commutativeequationsdock.cpp
c:\users\administrator\desktop\abaliendiagramchaser\diagramdetective\x64\debug\qt\moc\moc_englishdock.cpp
c:\users\administrator\desktop\abaliendiagramchaser\diagramdetective\x64\debug\qt\moc\moc_librarydock.cpp
c:\users\administrator\desktop\abaliendiagramchaser\diagramdetective\x64\debug\qt\moc\moc_propertiesdock.cpp
c:\users\administrator\desktop\abaliendiagramchaser\diagramdetective\x64\debug\qt\moc\moc_sketchview.cpp
c:\users\administrator\desktop\abaliendiagramchaser\diagramdetective\x64\debug\qt\moc\moc_toggleswitch.cpp
c:\users\administrator\desktop\abaliendiagramchaser\diagramdetective\x64\debug\qt\moc\moc_atomicelement.cpp
c:\users\administrator\desktop\abaliendiagramchaser\diagramdetective\x64\debug\qt\moc\moc_arrowprops.cpp
c:\users\administrator\desktop\abaliendiagramchaser\diagramdetective\diagramdetective\x64\debug\diagramdetective.exe
c:\users\administrator\desktop\abaliendiagramchaser\diagramdetective\diagramdetective\x64\debug\diagramdetective.pdb
c:\users\administrator\desktop\abaliendiagramchaser\x64\debug\diagramdetective.exe
c:\users\administrator\desktop\abaliendiagramchaser\x64\debug\diagramdetective.pdb
c:\users\administrator\desktop\abaliendiagramchaser\diagramdetective\diagramdetective\diagramdetective\x64\debug\diagramdetective.res
c:\users\administrator\desktop\abaliendiagramchaser\diagramdetective\x64\debug\diagramdetective.res
c:\users\administrator\desktop\abaliendiagramchaser\diagramdetective\x64\debug\diagramdetective.ilk
c:\users\administrator\desktop\abaliendiagramchaser\diagramdetective\x64\debug\diagramdetective.tlog\cl.command.1.tlog
c:\users\administrator\desktop\abaliendiagramchaser\diagramdetective\x64\debug\diagramdetective.tlog\cl.items.tlog
c:\users\administrator\desktop\abaliendiagramchaser\diagramdetective\x64\debug\diagramdetective.tlog\cl.read.1.tlog
c:\users\administrator\desktop\abaliendiagramchaser\diagramdetective\x64\debug\diagramdetective.tlog\cl.write.1.tlog
c:\users\administrator\desktop\abaliendiagramchaser\diagramdetective\x64\debug\diagramdetective.tlog\diagramdetective.write.1u.tlog
c:\users\administrator\desktop\abaliendiagramchaser\diagramdetective\x64\debug\diagramdetective.tlog\link.command.1.tlog
c:\users\administrator\desktop\abaliendiagramchaser\diagramdetective\x64\debug\diagramdetective.tlog\link.read.1.tlog
c:\users\administrator\desktop\abaliendiagramchaser\diagramdetective\x64\debug\diagramdetective.tlog\link.secondary.1.tlog
c:\users\administrator\desktop\abaliendiagramchaser\diagramdetective\x64\debug\diagramdetective.tlog\link.write.1.tlog
c:\users\administrator\desktop\abaliendiagramchaser\diagramdetective\x64\debug\diagramdetective.tlog\moc.read.1u.tlog
c:\users\administrator\desktop\abaliendiagramchaser\diagramdetective\x64\debug\diagramdetective.tlog\moc.write.1u.tlog
c:\users\administrator\desktop\abaliendiagramchaser\diagramdetective\x64\debug\diagramdetective.tlog\rc.command.1.tlog
c:\users\administrator\desktop\abaliendiagramchaser\diagramdetective\x64\debug\diagramdetective.tlog\rc.read.1.tlog
c:\users\administrator\desktop\abaliendiagramchaser\diagramdetective\x64\debug\diagramdetective.tlog\rc.write.1.tlog
c:\users\administrator\desktop\abaliendiagramchaser\diagramdetective\x64\debug\diagramdetective.tlog\rcc.read.1u.tlog
c:\users\administrator\desktop\abaliendiagramchaser\diagramdetective\x64\debug\diagramdetective.tlog\rcc.write.1u.tlog
c:\users\administrator\desktop\abaliendiagramchaser\diagramdetective\x64\debug\diagramdetective.tlog\uic.read.1u.tlog
c:\users\administrator\desktop\abaliendiagramchaser\diagramdetective\x64\debug\diagramdetective.tlog\uic.write.1u.tlog
